// Jest Snapshot v1, https://goo.gl/fbAQLP

exports[`HomePage renders snapshot correctly 1`] = `
<div
  data-testid="authenticator"
>
  <div
    style="text-align: center;"
  >
    <div
      style="margin: 1rem auto; min-height: 100vh; background-color: rgb(238, 238, 238); text-align: left;"
    >
      <div>
        <header
          class="MuiPaper-root MuiPaper-elevation MuiPaper-elevation0 MuiAppBar-root MuiAppBar-colorPrimary MuiAppBar-positionFixed mui-fixed css-1hc7nu0-MuiPaper-root-MuiAppBar-root"
          style="height: 54px; box-shadow: 0 1px 20px #000000; border-radius: 0 0 5px 5px;"
        >
          <div
            class="MuiToolbar-root MuiToolbar-gutters MuiToolbar-regular css-1kf0d50-MuiToolbar-root"
          >
            <button
              aria-label="Open menu"
              class="MuiButtonBase-root MuiIconButton-root MuiIconButton-edgeStart MuiIconButton-sizeMedium css-9sors8-MuiButtonBase-root-MuiIconButton-root"
              tabindex="0"
              type="button"
            >
              <svg
                height="40"
                viewBox="0 0 100 80"
                width="40"
              >
                <rect
                  height="10"
                  width="80"
                  x="10"
                  y="10"
                />
                <rect
                  height="10"
                  width="80"
                  x="10"
                  y="30"
                />
                <rect
                  height="10"
                  width="80"
                  x="10"
                  y="50"
                />
              </svg>
              <span
                class="MuiTouchRipple-root css-8je8zh-MuiTouchRipple-root"
              />
            </button>
            <a
              href="/home"
            >
              <div
                class="MuiBox-root css-k008qs"
              >
                <img
                  alt="Werner Digital"
                  src="../images/wernerdigital-hosted.png"
                  width="26"
                />
                <p
                  class="MuiTypography-root MuiTypography-body1 css-ahj2mt-MuiTypography-root"
                >
                  Scottschedule
                </p>
              </div>
            </a>
            <div
              class="MuiBox-root css-1r3535z"
            >
              <a
                href="/usermaint"
                style="margin-right: 1em;"
              >
                <p
                  class="MuiTypography-root MuiTypography-body1 css-ahj2mt-MuiTypography-root"
                >
                  mockuname
                </p>
              </a>
              <button
                class="MuiButton-root MuiButton-outlined MuiButton-outlinedPrimary MuiButton-sizeMedium MuiButton-outlinedSizeMedium MuiButtonBase-root  css-1rwt2y5-MuiButtonBase-root-MuiButton-root"
                tabindex="0"
                type="button"
              >
                Sign Out
                <span
                  class="MuiTouchRipple-root css-8je8zh-MuiTouchRipple-root"
                />
              </button>
            </div>
          </div>
        </header>
        <div
          class="MuiDrawer-root MuiDrawer-docked css-7ik032-MuiDrawer-docked"
        >
          <div
            class="MuiPaper-root MuiPaper-elevation MuiPaper-elevation0 MuiDrawer-paper MuiDrawer-paperAnchorLeft MuiDrawer-paperAnchorDockedLeft css-12i7wg6-MuiPaper-root-MuiDrawer-paper"
            style="visibility: hidden; webkit-transform: translateX(-0px); transform: translateX(-0px);"
          >
            <div
              style="width: 178px; height: 39px; padding: 8px 8px; box-shadow: 0 1px 20px #000000; border-radius: 0 0 5px 5px;"
            >
              <div
                class="MuiBox-root css-xwg089"
              >
                <h6
                  class="MuiTypography-root MuiTypography-subtitle1 css-10wpov9-MuiTypography-root"
                >
                  MainÂ Menu
                </h6>
                <button
                  aria-label="Close menu"
                  class="MuiButtonBase-root MuiIconButton-root MuiIconButton-sizeMedium css-78trlr-MuiButtonBase-root-MuiIconButton-root"
                  tabindex="0"
                  type="button"
                >
                  <svg
                    height="40"
                    viewBox="0 0 100 80"
                    width="40"
                  >
                    <polygon
                      points="70 10,10 35, 70 65"
                    />
                  </svg>
                  <span
                    class="MuiTouchRipple-root css-8je8zh-MuiTouchRipple-root"
                  />
                </button>
              </div>
            </div>
            <hr
              class="MuiDivider-root MuiDivider-fullWidth css-9mgopn-MuiDivider-root"
            />
            <ul
              class="MuiList-root MuiList-padding css-h4y409-MuiList-root"
            >
              <a
                href="/home"
              >
                <div
                  class="MuiButtonBase-root MuiListItem-root MuiListItem-gutters MuiListItem-padding MuiListItem-button css-bshv44-MuiButtonBase-root-MuiListItem-root"
                  role="button"
                  tabindex="0"
                >
                  <div
                    class="MuiListItemIcon-root css-cveggr-MuiListItemIcon-root"
                  >
                    <svg
                      aria-hidden="true"
                      class="MuiSvgIcon-root MuiSvgIcon-fontSizeMedium css-i4bv87-MuiSvgIcon-root"
                      data-testid="HomeIcon"
                      focusable="false"
                      viewBox="0 0 24 24"
                    >
                      <path
                        d="M10 20v-6h4v6h5v-8h3L12 3 2 12h3v8z"
                      />
                    </svg>
                  </div>
                  <div
                    class="MuiListItemText-root css-tlelie-MuiListItemText-root"
                  >
                    <span
                      class="MuiTypography-root MuiTypography-body1 MuiListItemText-primary css-10hburv-MuiTypography-root"
                    >
                      Home
                    </span>
                  </div>
                  <span
                    class="MuiTouchRipple-root css-8je8zh-MuiTouchRipple-root"
                  />
                </div>
              </a>
              <a
                href="/usermaint"
              >
                <div
                  class="MuiButtonBase-root MuiListItem-root MuiListItem-gutters MuiListItem-padding MuiListItem-button css-bshv44-MuiButtonBase-root-MuiListItem-root"
                  role="button"
                  tabindex="0"
                >
                  <div
                    class="MuiListItemIcon-root css-cveggr-MuiListItemIcon-root"
                  >
                    <svg
                      aria-hidden="true"
                      class="MuiSvgIcon-root MuiSvgIcon-fontSizeMedium css-i4bv87-MuiSvgIcon-root"
                      data-testid="StarIcon"
                      focusable="false"
                      viewBox="0 0 24 24"
                    >
                      <path
                        d="M12 17.27 18.18 21l-1.64-7.03L22 9.24l-7.19-.61L12 2 9.19 8.63 2 9.24l5.46 4.73L5.82 21z"
                      />
                    </svg>
                  </div>
                  <div
                    class="MuiListItemText-root css-tlelie-MuiListItemText-root"
                  >
                    <span
                      class="MuiTypography-root MuiTypography-body1 MuiListItemText-primary css-10hburv-MuiTypography-root"
                    >
                      Account
                    </span>
                  </div>
                  <span
                    class="MuiTouchRipple-root css-8je8zh-MuiTouchRipple-root"
                  />
                </div>
              </a>
              <a
                href="/scheds"
              >
                <div
                  class="MuiButtonBase-root MuiListItem-root MuiListItem-gutters MuiListItem-padding MuiListItem-button css-bshv44-MuiButtonBase-root-MuiListItem-root"
                  role="button"
                  tabindex="0"
                >
                  <div
                    class="MuiListItemIcon-root css-cveggr-MuiListItemIcon-root"
                  >
                    <svg
                      aria-hidden="true"
                      class="MuiSvgIcon-root MuiSvgIcon-fontSizeMedium css-i4bv87-MuiSvgIcon-root"
                      data-testid="StarIcon"
                      focusable="false"
                      viewBox="0 0 24 24"
                    >
                      <path
                        d="M12 17.27 18.18 21l-1.64-7.03L22 9.24l-7.19-.61L12 2 9.19 8.63 2 9.24l5.46 4.73L5.82 21z"
                      />
                    </svg>
                  </div>
                  <div
                    class="MuiListItemText-root css-tlelie-MuiListItemText-root"
                  >
                    <span
                      class="MuiTypography-root MuiTypography-body1 MuiListItemText-primary css-10hburv-MuiTypography-root"
                    >
                      Schedules
                    </span>
                  </div>
                  <span
                    class="MuiTouchRipple-root css-8je8zh-MuiTouchRipple-root"
                  />
                </div>
              </a>
              <a
                href="/events"
              >
                <div
                  class="MuiButtonBase-root MuiListItem-root MuiListItem-gutters MuiListItem-padding MuiListItem-button css-bshv44-MuiButtonBase-root-MuiListItem-root"
                  role="button"
                  tabindex="0"
                >
                  <div
                    class="MuiListItemIcon-root css-cveggr-MuiListItemIcon-root"
                  >
                    <svg
                      aria-hidden="true"
                      class="MuiSvgIcon-root MuiSvgIcon-fontSizeMedium css-i4bv87-MuiSvgIcon-root"
                      data-testid="StarIcon"
                      focusable="false"
                      viewBox="0 0 24 24"
                    >
                      <path
                        d="M12 17.27 18.18 21l-1.64-7.03L22 9.24l-7.19-.61L12 2 9.19 8.63 2 9.24l5.46 4.73L5.82 21z"
                      />
                    </svg>
                  </div>
                  <div
                    class="MuiListItemText-root css-tlelie-MuiListItemText-root"
                  >
                    <span
                      class="MuiTypography-root MuiTypography-body1 MuiListItemText-primary css-10hburv-MuiTypography-root"
                    >
                      Events
                    </span>
                  </div>
                  <span
                    class="MuiTouchRipple-root css-8je8zh-MuiTouchRipple-root"
                  />
                </div>
              </a>
              <a
                href="/help"
              >
                <div
                  class="MuiButtonBase-root MuiListItem-root MuiListItem-gutters MuiListItem-padding MuiListItem-button css-bshv44-MuiButtonBase-root-MuiListItem-root"
                  role="button"
                  tabindex="0"
                >
                  <div
                    class="MuiListItemIcon-root css-cveggr-MuiListItemIcon-root"
                  >
                    <svg
                      aria-hidden="true"
                      class="MuiSvgIcon-root MuiSvgIcon-fontSizeMedium css-i4bv87-MuiSvgIcon-root"
                      data-testid="StarIcon"
                      focusable="false"
                      viewBox="0 0 24 24"
                    >
                      <path
                        d="M12 17.27 18.18 21l-1.64-7.03L22 9.24l-7.19-.61L12 2 9.19 8.63 2 9.24l5.46 4.73L5.82 21z"
                      />
                    </svg>
                  </div>
                  <div
                    class="MuiListItemText-root css-tlelie-MuiListItemText-root"
                  >
                    <span
                      class="MuiTypography-root MuiTypography-body1 MuiListItemText-primary css-10hburv-MuiTypography-root"
                    >
                      Help
                    </span>
                  </div>
                  <span
                    class="MuiTouchRipple-root css-8je8zh-MuiTouchRipple-root"
                  />
                </div>
              </a>
              <div
                class="MuiButtonBase-root MuiListItem-root MuiListItem-gutters MuiListItem-padding MuiListItem-button css-bshv44-MuiButtonBase-root-MuiListItem-root"
                role="button"
                tabindex="0"
              >
                <div
                  class="MuiListItemIcon-root css-cveggr-MuiListItemIcon-root"
                >
                  <svg
                    aria-hidden="true"
                    class="MuiSvgIcon-root MuiSvgIcon-fontSizeMedium css-i4bv87-MuiSvgIcon-root"
                    data-testid="StarIcon"
                    focusable="false"
                    viewBox="0 0 24 24"
                  >
                    <path
                      d="M12 17.27 18.18 21l-1.64-7.03L22 9.24l-7.19-.61L12 2 9.19 8.63 2 9.24l5.46 4.73L5.82 21z"
                    />
                  </svg>
                </div>
                <div
                  class="MuiListItemText-root css-tlelie-MuiListItemText-root"
                >
                  <span
                    class="MuiTypography-root MuiTypography-body1 MuiListItemText-primary css-10hburv-MuiTypography-root"
                  >
                    Logout
                  </span>
                </div>
                <span
                  class="MuiTouchRipple-root css-8je8zh-MuiTouchRipple-root"
                />
              </div>
            </ul>
          </div>
        </div>
      </div>
      <div
        style="margin: 0px auto; padding: 50px 0.5rem 1.45rem; max-width: 960px; color: rgb(0, 0, 0);"
      >
        <main>
          <div
            data-testid="mainPageDisplay"
          >
             
            <div
              class="MuiBox-root css-7kebnq"
            >
              <div
                style="float: left;"
              >
                <nav
                  aria-label="Breadcrumb"
                  class="MuiTypography-root MuiTypography-body1 MuiBreadcrumbs-root css-63vwl1-MuiTypography-root-MuiBreadcrumbs-root"
                >
                  <ol
                    class="MuiBreadcrumbs-ol css-4pdmu4-MuiBreadcrumbs-ol"
                  >
                    <li
                      class="MuiBreadcrumbs-li"
                    >
                      <span>
                        Home
                      </span>
                    </li>
                  </ol>
                </nav>
              </div>
              <div>
                <a
                  href="/help/home"
                >
                  Help
                </a>
              </div>
            </div>
            <div
              class="MuiBox-root css-1b1zfbw"
            >
              <div
                class="MuiBox-root css-0"
              >
                <div
                  class="MuiPaper-root MuiPaper-elevation MuiPaper-rounded MuiPaper-elevation1 MuiCard-root css-bhp9pd-MuiPaper-root-MuiCard-root"
                  style="max-width: 432px; min-width: 394px; flex: 1 1; background: rgb(245, 245, 230); box-shadow: 5px 5px 12px #888888; border-radius: 0 0 5px 5px;"
                >
                  <div
                    class="MuiBox-root css-dduipi"
                  />
                  <div
                    class="MuiBox-root css-1hyfx7x"
                  />
                  <div
                    class="MuiBox-root css-1iuufgg"
                  >
                    <div
                      class="MuiBox-root css-x1sij0"
                    >
                      <button
                        class="MuiButton-root MuiButton-text MuiButton-textPrimary MuiButton-sizeMedium MuiButton-textSizeMedium MuiButtonBase-root  css-1e6y48t-MuiButtonBase-root-MuiButton-root"
                        tabindex="0"
                        type="button"
                      >
                        <h4
                          class="MuiTypography-root MuiTypography-h4 css-ki721n-MuiTypography-root"
                          id="mainclock"
                        >
                          00:00
                        </h4>
                        <span
                          class="MuiTouchRipple-root css-8je8zh-MuiTouchRipple-root"
                        />
                      </button>
                      <h6
                        class="MuiTypography-root MuiTypography-subtitle1 css-1ystea6-MuiTypography-root"
                        id="mainpm"
                      >
                        PM
                      </h6>
                    </div>
                    <div
                      class="MuiBox-root css-pf0lra"
                    >
                      <h6
                        class="MuiTypography-root MuiTypography-h6 css-16ht8xe-MuiTypography-root"
                        id="maindate"
                      >
                        01/01/00
                      </h6>
                      <span
                        class="MuiTypography-root MuiTypography-caption css-1l11w9n-MuiTypography-root"
                        id="grouptitle"
                      >
                        group title
                      </span>
                    </div>
                    <div
                      class="MuiBox-root css-0"
                      id="status"
                    >
                      <div
                        class="MuiFormControl-root MuiFormControl-marginDense MuiTextField-root css-khqvv2-MuiFormControl-root-MuiTextField-root"
                      >
                        <label
                          class="MuiInputLabel-root MuiInputLabel-formControl MuiInputLabel-animated MuiInputLabel-sizeSmall MuiInputLabel-outlined MuiFormLabel-root MuiFormLabel-colorPrimary css-1pysi21-MuiFormLabel-root-MuiInputLabel-root"
                          data-shrink="false"
                          for="schedgroup"
                          id="schedgroup-label"
                        >
                          Schedule Group
                        </label>
                        <div
                          class="MuiOutlinedInput-root MuiInputBase-root MuiInputBase-colorPrimary MuiInputBase-formControl MuiInputBase-sizeSmall css-9ddj71-MuiInputBase-root-MuiOutlinedInput-root"
                        >
                          <div
                            aria-expanded="false"
                            aria-haspopup="listbox"
                            aria-labelledby="schedgroup-label schedgroup"
                            class="MuiSelect-select MuiSelect-outlined MuiOutlinedInput-input MuiInputBase-input MuiInputBase-inputSizeSmall css-jedpe8-MuiSelect-select-MuiInputBase-input-MuiOutlinedInput-input"
                            id="schedgroup"
                            role="button"
                            tabindex="0"
                          >
                            <span
                              class="notranslate"
                            >
                              â
                            </span>
                          </div>
                          <input
                            aria-hidden="true"
                            class="MuiSelect-nativeInput css-yf8vq0-MuiSelect-nativeInput"
                            data-testid="schedgroup"
                            tabindex="-1"
                            value=""
                          />
                          <svg
                            aria-hidden="true"
                            class="MuiSvgIcon-root MuiSvgIcon-fontSizeMedium MuiSelect-icon MuiSelect-iconOutlined css-hfutr2-MuiSvgIcon-root-MuiSelect-icon"
                            data-testid="ArrowDropDownIcon"
                            focusable="false"
                            viewBox="0 0 24 24"
                          >
                            <path
                              d="M7 10l5 5 5-5z"
                            />
                          </svg>
                          <fieldset
                            aria-hidden="true"
                            class="MuiOutlinedInput-notchedOutline css-1d3z3hw-MuiOutlinedInput-notchedOutline"
                          >
                            <legend
                              class="css-173wfxe"
                            >
                              <span>
                                Schedule Group
                              </span>
                            </legend>
                          </fieldset>
                        </div>
                      </div>
                    </div>
                  </div>
                  <div
                    class="MuiBox-root css-5uisrr"
                  >
                    <button
                      class="MuiButton-root MuiButton-contained MuiButton-containedError MuiButton-sizeLarge MuiButton-containedSizeLarge MuiButtonBase-root  css-1i749hr-MuiButtonBase-root-MuiButton-root"
                      tabindex="0"
                      type="button"
                    >
                      Off
                      <span
                        class="MuiTouchRipple-root css-8je8zh-MuiTouchRipple-root"
                      />
                    </button>
                    <button
                      class="MuiButton-root MuiButton-outlined MuiButton-outlinedPrimary MuiButton-sizeLarge MuiButton-outlinedSizeLarge MuiButtonBase-root  css-9y1egq-MuiButtonBase-root-MuiButton-root"
                      tabindex="0"
                      type="button"
                    >
                      tomorrow
                      <span
                        class="MuiTouchRipple-root css-8je8zh-MuiTouchRipple-root"
                      />
                    </button>
                  </div>
                  <div
                    class="MuiBox-root css-1iie599"
                  />
                  <hr
                    class="MuiDivider-root MuiDivider-fullWidth css-9mgopn-MuiDivider-root"
                  />
                  <div
                    class="MuiBox-root css-8ljrm5"
                  >
                    Test 
                    <audio
                      class="audio-element"
                      controls=""
                    >
                      <source
                        src="test-file-stub"
                        type="audio/wav"
                      />
                      Your browser doesn't support audio
                    </audio>
                  </div>
                  <div
                    class="MuiBox-root css-0"
                  >
                    <h4
                      class="MuiTypography-root MuiTypography-h4 css-5lfyn9-MuiTypography-root"
                    >
                      No Events found
                    </h4>
                    <p
                      class="MuiTypography-root MuiTypography-body1 css-ahj2mt-MuiTypography-root"
                    >
                      To get started, go to the
                    </p>
                    <a
                      href="/events"
                    >
                      Events page
                    </a>
                    <p
                      class="MuiTypography-root MuiTypography-body1 css-ahj2mt-MuiTypography-root"
                    >
                      and build your first Event!
                    </p>
                  </div>
                </div>
              </div>
            </div>
            <div
              aria-hidden="true"
              class="MuiBackdrop-root css-1178cxv-MuiBackdrop-root"
              style="opacity: 0; visibility: hidden;"
            >
              <span
                class="MuiCircularProgress-root MuiCircularProgress-indeterminate MuiCircularProgress-colorInherit css-62e83j-MuiCircularProgress-root"
                data-testid="dataBackdrop"
                role="progressbar"
                style="width: 40px; height: 40px;"
              >
                <svg
                  class="MuiCircularProgress-svg css-1idz92c-MuiCircularProgress-svg"
                  viewBox="22 22 44 44"
                >
                  <circle
                    class="MuiCircularProgress-circle MuiCircularProgress-circleIndeterminate css-176wh8e-MuiCircularProgress-circle"
                    cx="44"
                    cy="44"
                    fill="none"
                    r="20.2"
                    stroke-width="3.6"
                  />
                </svg>
              </span>
            </div>
             
          </div>
           
        </main>
        <footer
          style="padding-top: 40px;"
        >
          <hr
            class="MuiDivider-root MuiDivider-fullWidth css-9mgopn-MuiDivider-root"
          />
          <div
            class="MuiBox-root css-1bnxa12"
          >
            <a
              href="/home"
            >
              Home
            </a>
            <a
              href="/usermaint"
            >
              Account
            </a>
            <a
              href="/scheds"
            >
              Schedules
            </a>
            <a
              href="/events"
            >
              Events
            </a>
            <a
              href="/help"
            >
              Help
            </a>
          </div>
          <hr
            class="MuiDivider-root MuiDivider-fullWidth css-9mgopn-MuiDivider-root"
          />
          <span
            class="MuiTypography-root MuiTypography-caption css-3merus-MuiTypography-root"
          >
            Â© 2021-
            2022
            , Werner Digital Technology Inc
          </span>
        </footer>
      </div>
    </div>
  </div>
</div>
`;
