// Jest Snapshot v1, https://goo.gl/fbAQLP

exports[`eventsutil - newrule renders snapshot correctly 1`] = `
<div
  class="MuiBox-root css-13o7eu2"
>
  <div
    class="MuiPaper-root MuiPaper-elevation MuiPaper-rounded MuiPaper-elevation1 MuiCard-root css-bhp9pd-MuiPaper-root-MuiCard-root"
    style="margin-top: 3px; max-width: 350px; min-width: 350px; flex: 1 1; box-shadow: -5px 5px 12px #888888; border-radius: 0 0 5px 5px;"
  >
    <div
      class="MuiBox-root css-ibnnmb"
    >
      <form>
        <div
          class="MuiBox-root css-h9yv4t"
        >
          <h6
            class="MuiTypography-root MuiTypography-h6 css-2ulfj5-MuiTypography-root"
          >
            Add New Rule
          </h6>
        </div>
        <div
          class="MuiBox-root css-k008qs"
        >
          <select
            name="cmd"
          >
            <option
              value="begin"
            >
              begin
            </option>
            <option
              value="option"
            >
              option
            </option>
          </select>
          <input
            data-testid="optionsInput"
            disabled=""
            name="options"
          />
        </div>
        <div
          class="MuiBox-root css-0"
        >
          <textarea
            aria-invalid="false"
            cols="27"
            data-testid="contentRule"
            name="content"
            rows="2"
          />
        </div>
        <div
          class="MuiBox-root css-10igwnb"
        >
          <button
            class="MuiButton-root MuiButton-outlined MuiButton-outlinedError MuiButton-sizeSmall MuiButton-outlinedSizeSmall MuiButtonBase-root  css-1ir7th6-MuiButtonBase-root-MuiButton-root"
            data-testid="newEvCancel"
            tabindex="0"
            type="button"
          >
            Cancel
            <span
              class="MuiTouchRipple-root css-8je8zh-MuiTouchRipple-root"
            />
          </button>
          <button
            class="MuiButton-root MuiButton-outlined MuiButton-outlinedPrimary MuiButton-sizeSmall MuiButton-outlinedSizeSmall MuiButtonBase-root Mui-disabled  css-1k23hlb-MuiButtonBase-root-MuiButton-root"
            disabled=""
            tabindex="-1"
            type="button"
          >
            Reset
          </button>
          <button
            class="MuiButton-root MuiButton-contained MuiButton-containedPrimary MuiButton-sizeSmall MuiButton-containedSizeSmall MuiButtonBase-root Mui-disabled  css-11qr2p8-MuiButtonBase-root-MuiButton-root"
            disabled=""
            tabindex="-1"
            type="submit"
          >
            Save
          </button>
        </div>
      </form>
    </div>
  </div>
</div>
`;
