// Jest Snapshot v1, https://goo.gl/fbAQLP

exports[`LayoutPub renders snapshot correctly 1`] = `
<div
  style="margin: 1rem auto; min-height: 100vh;"
>
  <div
    class="MuiBox-root css-0"
  >
    <header
      class="MuiPaper-root MuiPaper-elevation MuiPaper-elevation0 MuiAppBar-root MuiAppBar-colorTransparent MuiAppBar-positionFixed mui-fixed css-1bzzxac-MuiPaper-root-MuiAppBar-root"
    >
      <div
        class="MuiToolbar-root MuiToolbar-gutters MuiToolbar-regular css-1ti0wu3-MuiToolbar-root"
      >
        <button
          aria-label="Open menu"
          class="MuiButtonBase-root MuiIconButton-root MuiIconButton-edgeStart MuiIconButton-sizeMedium css-1t7w49f-MuiButtonBase-root-MuiIconButton-root"
          tabindex="0"
          type="button"
        >
          <svg
            aria-hidden="true"
            class="MuiSvgIcon-root MuiSvgIcon-fontSizeMedium css-i4bv87-MuiSvgIcon-root"
            data-testid="MenuIcon"
            focusable="false"
            viewBox="0 0 24 24"
          >
            <path
              d="M3 18h18v-2H3v2zm0-5h18v-2H3v2zm0-7v2h18V6H3z"
            />
          </svg>
          <span
            class="MuiTouchRipple-root css-8je8zh-MuiTouchRipple-root"
          />
        </button>
        <a
          href="/"
        >
          <div
            class="MuiBox-root css-k008qs"
          >
            <img
              alt="Werner Digital"
              src="../images/wernerdigital-hosted.png"
              width="26"
            />
            <p
              class="MuiTypography-root MuiTypography-body1 css-4peds9-MuiTypography-root"
            >
              Scottschedule
            </p>
          </div>
        </a>
        <div
          class="MuiBox-root css-4q2kn1"
        >
          <a
            href="/home"
            style="margin-right: 1em;"
          >
            <button
              class="MuiButton-root MuiButton-outlined MuiButton-outlinedPrimary MuiButton-sizeMedium MuiButton-outlinedSizeMedium MuiButtonBase-root  css-1vbvugf-MuiButtonBase-root-MuiButton-root"
              tabindex="0"
              type="button"
            >
              Sign In
              <span
                class="MuiTouchRipple-root css-8je8zh-MuiTouchRipple-root"
              />
            </button>
          </a>
        </div>
        <button
          aria-label="Dark/light mode"
          class="MuiButtonBase-root MuiIconButton-root MuiIconButton-edgeStart MuiIconButton-sizeMedium css-1t7w49f-MuiButtonBase-root-MuiIconButton-root"
          tabindex="0"
          type="button"
        >
          <svg
            aria-hidden="true"
            class="MuiSvgIcon-root MuiSvgIcon-fontSizeMedium css-i4bv87-MuiSvgIcon-root"
            data-testid="LightModeIcon"
            focusable="false"
            viewBox="0 0 24 24"
          >
            <path
              d="M12 7c-2.76 0-5 2.24-5 5s2.24 5 5 5 5-2.24 5-5-2.24-5-5-5zM2 13h2c.55 0 1-.45 1-1s-.45-1-1-1H2c-.55 0-1 .45-1 1s.45 1 1 1zm18 0h2c.55 0 1-.45 1-1s-.45-1-1-1h-2c-.55 0-1 .45-1 1s.45 1 1 1zM11 2v2c0 .55.45 1 1 1s1-.45 1-1V2c0-.55-.45-1-1-1s-1 .45-1 1zm0 18v2c0 .55.45 1 1 1s1-.45 1-1v-2c0-.55-.45-1-1-1s-1 .45-1 1zM5.99 4.58c-.39-.39-1.03-.39-1.41 0-.39.39-.39 1.03 0 1.41l1.06 1.06c.39.39 1.03.39 1.41 0s.39-1.03 0-1.41L5.99 4.58zm12.37 12.37c-.39-.39-1.03-.39-1.41 0-.39.39-.39 1.03 0 1.41l1.06 1.06c.39.39 1.03.39 1.41 0 .39-.39.39-1.03 0-1.41l-1.06-1.06zm1.06-10.96c.39-.39.39-1.03 0-1.41-.39-.39-1.03-.39-1.41 0l-1.06 1.06c-.39.39-.39 1.03 0 1.41s1.03.39 1.41 0l1.06-1.06zM7.05 18.36c.39-.39.39-1.03 0-1.41-.39-.39-1.03-.39-1.41 0l-1.06 1.06c-.39.39-.39 1.03 0 1.41s1.03.39 1.41 0l1.06-1.06z"
            />
          </svg>
          <span
            class="MuiTouchRipple-root css-8je8zh-MuiTouchRipple-root"
          />
        </button>
      </div>
    </header>
    <div
      class="MuiDrawer-root MuiDrawer-docked css-7ik032-MuiDrawer-docked"
    >
      <div
        class="MuiPaper-root MuiPaper-elevation MuiPaper-elevation0 MuiDrawer-paper MuiDrawer-paperAnchorLeft MuiDrawer-paperAnchorDockedLeft css-1hrb81m-MuiPaper-root-MuiDrawer-paper"
        style="visibility: hidden; webkit-transform: translateX(-0px); transform: translateX(-0px);"
      >
        <div
          class="MuiBox-root css-xt39a6"
        >
          <div
            class="MuiBox-root css-xwg089"
          >
            <h6
              class="MuiTypography-root MuiTypography-subtitle1 css-10wpov9-MuiTypography-root"
            >
              MainÂ Menu
            </h6>
            <button
              aria-label="Close menu"
              class="MuiButtonBase-root MuiIconButton-root MuiIconButton-sizeMedium css-1drgtl0-MuiButtonBase-root-MuiIconButton-root"
              tabindex="0"
              type="button"
            >
              <svg
                aria-hidden="true"
                class="MuiSvgIcon-root MuiSvgIcon-fontSizeMedium css-i4bv87-MuiSvgIcon-root"
                data-testid="ArrowDropUpIcon"
                focusable="false"
                viewBox="0 0 24 24"
              >
                <path
                  d="m7 14 5-5 5 5z"
                />
              </svg>
              <span
                class="MuiTouchRipple-root css-8je8zh-MuiTouchRipple-root"
              />
            </button>
          </div>
        </div>
        <hr
          class="MuiDivider-root MuiDivider-fullWidth css-rr7dug-MuiDivider-root"
        />
        <ul
          class="MuiList-root MuiList-padding css-h4y409-MuiList-root"
        >
          <a
            href="/"
          >
            <div
              class="MuiButtonBase-root MuiListItem-root MuiListItem-gutters MuiListItem-padding MuiListItem-button css-ltlrkn-MuiButtonBase-root-MuiListItem-root"
              role="button"
              tabindex="0"
            >
              <div
                class="MuiListItemIcon-root css-qklaqr-MuiListItemIcon-root"
              >
                <svg
                  aria-hidden="true"
                  class="MuiSvgIcon-root MuiSvgIcon-fontSizeMedium css-i4bv87-MuiSvgIcon-root"
                  data-testid="HomeIcon"
                  focusable="false"
                  viewBox="0 0 24 24"
                >
                  <path
                    d="M10 20v-6h4v6h5v-8h3L12 3 2 12h3v8z"
                  />
                </svg>
              </div>
              <div
                class="MuiListItemText-root css-tlelie-MuiListItemText-root"
              >
                <span
                  class="MuiTypography-root MuiTypography-body1 MuiListItemText-primary css-10hburv-MuiTypography-root"
                >
                  Home
                </span>
              </div>
              <span
                class="MuiTouchRipple-root css-8je8zh-MuiTouchRipple-root"
              />
            </div>
          </a>
          <a
            href="https://www.wernerdigital.com/about"
          >
            <div
              class="MuiButtonBase-root MuiListItem-root MuiListItem-gutters MuiListItem-padding MuiListItem-button css-ltlrkn-MuiButtonBase-root-MuiListItem-root"
              role="button"
              tabindex="0"
            >
              <div
                class="MuiListItemIcon-root css-qklaqr-MuiListItemIcon-root"
              >
                <svg
                  aria-hidden="true"
                  class="MuiSvgIcon-root MuiSvgIcon-fontSizeMedium css-i4bv87-MuiSvgIcon-root"
                  data-testid="GroupIcon"
                  focusable="false"
                  viewBox="0 0 24 24"
                >
                  <path
                    d="M16 11c1.66 0 2.99-1.34 2.99-3S17.66 5 16 5c-1.66 0-3 1.34-3 3s1.34 3 3 3zm-8 0c1.66 0 2.99-1.34 2.99-3S9.66 5 8 5C6.34 5 5 6.34 5 8s1.34 3 3 3zm0 2c-2.33 0-7 1.17-7 3.5V19h14v-2.5c0-2.33-4.67-3.5-7-3.5zm8 0c-.29 0-.62.02-.97.05 1.16.84 1.97 1.97 1.97 3.45V19h6v-2.5c0-2.33-4.67-3.5-7-3.5z"
                  />
                </svg>
              </div>
              <div
                class="MuiListItemText-root css-tlelie-MuiListItemText-root"
              >
                <span
                  class="MuiTypography-root MuiTypography-body1 MuiListItemText-primary css-10hburv-MuiTypography-root"
                >
                  About
                </span>
              </div>
              <span
                class="MuiTouchRipple-root css-8je8zh-MuiTouchRipple-root"
              />
            </div>
          </a>
          <a
            href="/home"
          >
            <div
              class="MuiButtonBase-root MuiListItem-root MuiListItem-gutters MuiListItem-padding MuiListItem-button css-ltlrkn-MuiButtonBase-root-MuiListItem-root"
              role="button"
              tabindex="0"
            >
              <div
                class="MuiListItemIcon-root css-qklaqr-MuiListItemIcon-root"
              >
                <svg
                  aria-hidden="true"
                  class="MuiSvgIcon-root MuiSvgIcon-fontSizeMedium css-i4bv87-MuiSvgIcon-root"
                  data-testid="StarIcon"
                  focusable="false"
                  viewBox="0 0 24 24"
                >
                  <path
                    d="M12 17.27 18.18 21l-1.64-7.03L22 9.24l-7.19-.61L12 2 9.19 8.63 2 9.24l5.46 4.73L5.82 21z"
                  />
                </svg>
              </div>
              <div
                class="MuiListItemText-root css-tlelie-MuiListItemText-root"
              >
                <span
                  class="MuiTypography-root MuiTypography-body1 MuiListItemText-primary css-10hburv-MuiTypography-root"
                >
                  Login
                </span>
              </div>
              <span
                class="MuiTouchRipple-root css-8je8zh-MuiTouchRipple-root"
              />
            </div>
          </a>
        </ul>
      </div>
    </div>
  </div>
  <div
    style="margin: 0px auto; padding: 50px 1.0875rem 1.45rem; max-width: 960px;"
  >
    <main>
      <div
        data-testid="test"
      >
        Test
      </div>
    </main>
    <footer
      style="padding-top: 40px;"
    >
      <hr
        class="MuiDivider-root MuiDivider-fullWidth css-rr7dug-MuiDivider-root"
      />
      <div
        class="MuiBox-root css-1bnxa12"
      >
        <a
          href="/home"
        >
          <svg
            aria-hidden="true"
            class="MuiSvgIcon-root MuiSvgIcon-fontSizeMedium css-i4bv87-MuiSvgIcon-root"
            data-testid="HomeIcon"
            focusable="false"
            viewBox="0 0 24 24"
          >
            <path
              d="M10 20v-6h4v6h5v-8h3L12 3 2 12h3v8z"
            />
          </svg>
           Home
        </a>
        <a
          href="https://www.wernerdigital.com/about"
        >
          <svg
            aria-hidden="true"
            class="MuiSvgIcon-root MuiSvgIcon-fontSizeMedium css-i4bv87-MuiSvgIcon-root"
            data-testid="GroupIcon"
            focusable="false"
            viewBox="0 0 24 24"
          >
            <path
              d="M16 11c1.66 0 2.99-1.34 2.99-3S17.66 5 16 5c-1.66 0-3 1.34-3 3s1.34 3 3 3zm-8 0c1.66 0 2.99-1.34 2.99-3S9.66 5 8 5C6.34 5 5 6.34 5 8s1.34 3 3 3zm0 2c-2.33 0-7 1.17-7 3.5V19h14v-2.5c0-2.33-4.67-3.5-7-3.5zm8 0c-.29 0-.62.02-.97.05 1.16.84 1.97 1.97 1.97 3.45V19h6v-2.5c0-2.33-4.67-3.5-7-3.5z"
            />
          </svg>
          About
        </a>
      </div>
      <hr
        class="MuiDivider-root MuiDivider-fullWidth css-rr7dug-MuiDivider-root"
      />
      <span
        class="MuiTypography-root MuiTypography-caption css-3merus-MuiTypography-root"
      >
        Â© 2021-
        2022
        , Werner Digital Technology Inc
      </span>
    </footer>
  </div>
</div>
`;
