// Jest Snapshot v1, https://goo.gl/fbAQLP

exports[`schedgrputil - modify empty group renders snapshot correctly 1`] = `
<div
  class="MuiBox-root css-13o7eu2"
>
  <div
    class="MuiPaper-root MuiPaper-elevation MuiPaper-rounded MuiPaper-elevation1 MuiCard-root css-bhp9pd-MuiPaper-root-MuiCard-root"
    style="margin-top: 3px; max-width: 350px; min-width: 350px; flex: 1 1; box-shadow: -5px 5px 12px #888888; border-radius: 0 0 5px 5px;"
  >
    <div
      class="MuiBox-root css-ibnnmb"
    >
      <form>
        <div
          class="MuiBox-root css-h9yv4t"
        >
          <h6
            class="MuiTypography-root MuiTypography-h6 css-2ulfj5-MuiTypography-root"
          >
            Modify Group
          </h6>
          <button
            class="MuiButtonBase-root MuiIconButton-root MuiIconButton-colorError MuiIconButton-sizeSmall css-1mk6yu1-MuiButtonBase-root-MuiIconButton-root"
            tabindex="0"
            type="button"
          >
            X
            <span
              class="MuiTouchRipple-root css-8je8zh-MuiTouchRipple-root"
            />
          </button>
        </div>
        <div
          class="MuiBox-root css-70qvj9"
        >
          testgrp
          <button
            class="MuiButtonBase-root MuiIconButton-root MuiIconButton-colorError MuiIconButton-sizeSmall css-1mk6yu1-MuiButtonBase-root-MuiIconButton-root"
            data-testid="delete"
            tabindex="0"
            type="button"
          >
            X
            <span
              class="MuiTouchRipple-root css-8je8zh-MuiTouchRipple-root"
            />
          </button>
        </div>
        <div
          class="MuiBox-root css-0"
        >
          <label>
            <input
              aria-invalid="false"
              data-testid="descrInput"
              name="descr"
              size="30"
              type="text"
            />
          </label>
        </div>
        <div
          class="MuiBox-root css-10igwnb"
        >
          <button
            class="MuiButton-root MuiButton-outlined MuiButton-outlinedPrimary MuiButton-sizeSmall MuiButton-outlinedSizeSmall MuiButtonBase-root Mui-disabled  css-1k23hlb-MuiButtonBase-root-MuiButton-root"
            disabled=""
            tabindex="-1"
            type="button"
          >
            Reset
          </button>
          <button
            class="MuiButton-root MuiButton-contained MuiButton-containedPrimary MuiButton-sizeSmall MuiButton-containedSizeSmall MuiButtonBase-root Mui-disabled  css-11qr2p8-MuiButtonBase-root-MuiButton-root"
            disabled=""
            tabindex="-1"
            type="submit"
          >
            Save
          </button>
        </div>
      </form>
      <div
        class="MuiBox-root css-3uedfb"
      >
        <span>
          Schedules (
          0
          ) 
        </span>
        <button
          class="MuiButton-root MuiButton-outlined MuiButton-outlinedPrimary MuiButton-sizeSmall MuiButton-outlinedSizeSmall MuiButtonBase-root  css-1k23hlb-MuiButtonBase-root-MuiButton-root"
          tabindex="0"
          type="button"
        >
          New Schedule
          <span
            class="MuiTouchRipple-root css-8je8zh-MuiTouchRipple-root"
          />
        </button>
      </div>
      <ul
        class="MuiList-root MuiList-dense css-16vbaq4-MuiList-root"
      />
    </div>
  </div>
</div>
`;
