// Jest Snapshot v1, https://goo.gl/fbAQLP

exports[`schedgrputil - mansched renders snapshot correctly 1`] = `
<div
  class="MuiBox-root css-2t3rs8"
>
  <div
    class="MuiPaper-root MuiPaper-elevation MuiPaper-rounded MuiPaper-elevation1 MuiCard-root css-bhp9pd-MuiPaper-root-MuiCard-root"
    style="margin: 3px 0px 0px 0px; max-width: 350px; min-width: 350px; flex: 1 1; box-shadow: -5px 5px 12px #888888; border-radius: 0 0 5px 5px;"
  >
    <div
      class="MuiBox-root css-0"
    >
      <form>
        <div
          class="MuiBox-root css-1j6jckw"
        >
          <h6
            class="MuiTypography-root MuiTypography-h6 css-2ulfj5-MuiTypography-root"
          >
            <span>
              Modify Schedules 
            </span>
          </h6>
          <button
            class="MuiButtonBase-root MuiIconButton-root MuiIconButton-sizeSmall css-1pe4mpk-MuiButtonBase-root-MuiIconButton-root"
            data-testid="cancel"
            tabindex="0"
            type="button"
          >
            X
            <span
              class="MuiTouchRipple-root css-8je8zh-MuiTouchRipple-root"
            />
          </button>
        </div>
        <div
          class="MuiBox-root css-roxycm"
        >
          <div
            class="MuiBox-root css-1hyfx7x"
          >
            <label>
              Name 
              <input
                aria-invalid="false"
                data-testid="nameInput"
                name="schedName"
                size="12"
                type="text"
              />
            </label>
          </div>
          <div
            class="MuiBox-root css-0"
          >
            testsched
          </div>
          <div
            class="MuiBox-root css-0"
          >
            <label>
              Button 
              <input
                aria-invalid="false"
                data-testid="buttonInput"
                name="buttonName"
                size="6"
                type="text"
              />
            </label>
          </div>
        </div>
        <div
          class="MuiBox-root css-o3707h"
        >
          <label>
            <input
              aria-invalid="false"
              data-testid="descrInput"
              name="descr"
              size="30"
              type="text"
            />
          </label>
        </div>
        <div
          class="MuiBox-root css-o3707h"
        >
          <label>
            Begins 
            <textarea
              aria-invalid="false"
              cols="27"
              data-testid="beginsInput"
              name="begins"
              rows="1"
            />
          </label>
        </div>
        <div
          class="MuiBox-root css-o3707h"
        >
          <label>
            Sound 
            <input
              aria-invalid="false"
              data-testid="soundInput"
              name="sound"
              size="10"
              type="text"
            />
          </label>
        </div>
        <div
          class="MuiBox-root css-o3707h"
        >
          <label>
            Repeat 
            <input
              aria-invalid="false"
              data-testid="soundRepeatInput"
              name="soundrepeat"
              size="2"
              type="text"
            />
          </label>
        </div>
        <div
          class="MuiBox-root css-o3707h"
        >
          <label>
            Warn 
            <input
              aria-invalid="false"
              data-testid="warnInput"
              name="warn"
              size="10"
              type="text"
            />
          </label>
        </div>
        <div
          class="MuiBox-root css-1m55zth"
        >
          <button
            class="MuiButton-root MuiButton-outlined MuiButton-outlinedPrimary MuiButton-sizeSmall MuiButton-outlinedSizeSmall MuiButtonBase-root Mui-disabled  css-1k23hlb-MuiButtonBase-root-MuiButton-root"
            disabled=""
            tabindex="-1"
            type="button"
          >
            Reset
          </button>
          <button
            class="MuiButton-root MuiButton-contained MuiButton-containedPrimary MuiButton-sizeSmall MuiButton-containedSizeSmall MuiButtonBase-root Mui-disabled  css-11qr2p8-MuiButtonBase-root-MuiButton-root"
            disabled=""
            tabindex="-1"
            type="submit"
          >
            Save
          </button>
        </div>
      </form>
      <div
        class="MuiBox-root css-brm5ry"
      >
        <span>
          Events (
          1
          ) 
        </span>
        <button
          class="MuiButton-root MuiButton-outlined MuiButton-outlinedPrimary MuiButton-sizeSmall MuiButton-outlinedSizeSmall MuiButtonBase-root  css-1k23hlb-MuiButtonBase-root-MuiButton-root"
          tabindex="0"
          type="button"
        >
          Add Event
          <span
            class="MuiTouchRipple-root css-8je8zh-MuiTouchRipple-root"
          />
        </button>
      </div>
      <div
        class="MuiBox-root css-1hyfx7x"
      >
        <div
          class="MuiPaper-root MuiPaper-elevation MuiPaper-rounded MuiPaper-elevation1 MuiCard-root css-bhp9pd-MuiPaper-root-MuiCard-root"
          style="margin-top: 3px; max-width: 350px; min-width: 350px; flex: 1 1; box-shadow: -5px 5px 12px #888888; border-radius: 0 0 5px 5px;"
        >
          <div
            class="MuiBox-root css-ibnnmb"
          >
            <form>
              <div
                class="MuiBox-root css-h9yv4t"
              >
                <h6
                  class="MuiTypography-root MuiTypography-h6 css-2ulfj5-MuiTypography-root"
                >
                  Connect Event
                </h6>
              </div>
              <div
                class="MuiBox-root css-1l4w6pd"
              >
                <div
                  class="MuiAutocomplete-root MuiAutocomplete-hasPopupIcon css-viou3o-MuiAutocomplete-root"
                  data-testid="taskid"
                >
                  <div
                    aria-invalid="false"
                    class="MuiFormControl-root MuiFormControl-fullWidth MuiTextField-root css-wb57ya-MuiFormControl-root-MuiTextField-root"
                  >
                    <label
                      class="MuiInputLabel-root MuiInputLabel-formControl MuiInputLabel-animated MuiInputLabel-outlined MuiFormLabel-root MuiFormLabel-colorPrimary css-14s5rfu-MuiFormLabel-root-MuiInputLabel-root"
                      data-shrink="false"
                      for="taskid"
                      id="taskid-label"
                    >
                      Event Name
                    </label>
                    <div
                      class="MuiOutlinedInput-root MuiInputBase-root MuiInputBase-colorPrimary MuiInputBase-fullWidth MuiInputBase-formControl MuiInputBase-adornedEnd MuiAutocomplete-inputRoot css-154xyx0-MuiInputBase-root-MuiOutlinedInput-root"
                    >
                      <input
                        aria-autocomplete="list"
                        aria-expanded="false"
                        aria-invalid="false"
                        autocapitalize="none"
                        autocomplete="off"
                        class="MuiOutlinedInput-input MuiInputBase-input MuiInputBase-inputAdornedEnd MuiAutocomplete-input MuiAutocomplete-inputFocused css-nxo287-MuiInputBase-input-MuiOutlinedInput-input"
                        id="taskid"
                        name="taskid"
                        role="combobox"
                        spellcheck="false"
                        type="text"
                        value=""
                      />
                      <div
                        class="MuiAutocomplete-endAdornment css-1q60rmi-MuiAutocomplete-endAdornment"
                      >
                        <button
                          aria-label="Open"
                          class="MuiButtonBase-root MuiIconButton-root MuiIconButton-sizeMedium MuiAutocomplete-popupIndicator css-qzbt6i-MuiButtonBase-root-MuiIconButton-root-MuiAutocomplete-popupIndicator"
                          tabindex="-1"
                          title="Open"
                          type="button"
                        >
                          <svg
                            aria-hidden="true"
                            class="MuiSvgIcon-root MuiSvgIcon-fontSizeMedium css-i4bv87-MuiSvgIcon-root"
                            data-testid="ArrowDropDownIcon"
                            focusable="false"
                            viewBox="0 0 24 24"
                          >
                            <path
                              d="M7 10l5 5 5-5z"
                            />
                          </svg>
                          <span
                            class="MuiTouchRipple-root css-8je8zh-MuiTouchRipple-root"
                          />
                        </button>
                      </div>
                      <fieldset
                        aria-hidden="true"
                        class="MuiOutlinedInput-notchedOutline css-1d3z3hw-MuiOutlinedInput-notchedOutline"
                      >
                        <legend
                          class="css-1ftyaf0"
                        >
                          <span>
                            Event Name
                          </span>
                        </legend>
                      </fieldset>
                    </div>
                  </div>
                </div>
              </div>
              <div
                class="MuiBox-root css-1csj9ua"
              >
                <button
                  class="MuiButton-root MuiButton-outlined MuiButton-outlinedError MuiButton-sizeSmall MuiButton-outlinedSizeSmall MuiButtonBase-root  css-1ir7th6-MuiButtonBase-root-MuiButton-root"
                  tabindex="0"
                  type="button"
                >
                  Cancel
                  <span
                    class="MuiTouchRipple-root css-8je8zh-MuiTouchRipple-root"
                  />
                </button>
                <button
                  class="MuiButton-root MuiButton-outlined MuiButton-outlinedPrimary MuiButton-sizeSmall MuiButton-outlinedSizeSmall MuiButtonBase-root  css-1k23hlb-MuiButtonBase-root-MuiButton-root"
                  tabindex="0"
                  type="button"
                >
                  Reset
                  <span
                    class="MuiTouchRipple-root css-8je8zh-MuiTouchRipple-root"
                  />
                </button>
                <button
                  class="MuiButton-root MuiButton-contained MuiButton-containedPrimary MuiButton-sizeSmall MuiButton-containedSizeSmall MuiButtonBase-root  css-11qr2p8-MuiButtonBase-root-MuiButton-root"
                  tabindex="0"
                  type="submit"
                >
                  Save
                  <span
                    class="MuiTouchRipple-root css-8je8zh-MuiTouchRipple-root"
                  />
                </button>
              </div>
            </form>
          </div>
        </div>
      </div>
      <div
        class="MuiBox-root css-1at62qq"
      >
        <button
          class="MuiButtonBase-root MuiIconButton-root MuiIconButton-colorError MuiIconButton-sizeSmall css-1mk6yu1-MuiButtonBase-root-MuiIconButton-root"
          data-testid="dconn-testev"
          tabindex="0"
          type="button"
        >
          X
          <span
            class="MuiTouchRipple-root css-8je8zh-MuiTouchRipple-root"
          />
        </button>
        <a
          href="/events?start=testev"
        >
          testev
        </a>
      </div>
    </div>
  </div>
</div>
`;
