// Jest Snapshot v1, https://goo.gl/fbAQLP

exports[`userutil user delete renders snapshot correctly 1`] = `null`;
