// Jest Snapshot v1, https://goo.gl/fbAQLP

exports[`userutil email chg renders snapshot correctly 1`] = `<DocumentFragment />`;
