// Jest Snapshot v1, https://goo.gl/fbAQLP

exports[`userutil password chg renders snapshot correctly 1`] = `null`;
